src/components/dashboard/DashboardDetailTable.tsx(117,88): error TS2554: Expected 1 arguments, but got 2.
src/hooks/useProjectionData.ts(62,77): error TS2345: Argument of type '{ fornecedores: never[]; categorias: never[]; categoriasNivel4: never[]; cds: never[]; }' is not assignable to parameter of type 'FilterOptionsResponse | (() => FilterOptionsResponse)'.
  Type '{ fornecedores: never[]; categorias: never[]; categoriasNivel4: never[]; cds: never[]; }' is missing the following properties from type 'FilterOptionsResponse': analistas, compradores, fornecedoresLogisticos, genericos, and 2 more.
src/lib/api/mockDataLake.ts(16,29): error TS18047: 'dbDados' is possibly 'null'.
src/lib/api/mockDataLake.ts(17,5): error TS2322: Type 'DadosCompletos | null' is not assignable to type 'DadosCompletos'.
  Type 'null' is not assignable to type 'DadosCompletos'.
src/lib/dataAdapter.ts(23,24): error TS2307: Cannot find module 'file-saver' or its corresponding type declarations.
src/lib/dataAdapter.ts(26,17): error TS2304: Cannot find name 'DadosCompletos'.
src/lib/dataAdapter.ts(35,55): error TS2304: Cannot find name 'DadosCompletos'.
src/lib/dataAdapter.ts(52,17): error TS2304: Cannot find name 'DadosCompletos'.
src/lib/dataAdapter.ts(68,50): error TS7006: Parameter 'm' implicitly has an 'any' type.
src/lib/dataAdapter.ts(85,44): error TS2304: Cannot find name 'PedidoPendente'.
src/lib/dataAdapter.ts(89,33): error TS2304: Cannot find name 'PedidoPendente'.
src/lib/dataAdapter.ts(102,33): error TS2304: Cannot find name 'EstoqueObjetivoDB'.
src/lib/dataAdapter.ts(116,51): error TS7006: Parameter 'c' implicitly has an 'any' type.
src/lib/dataAdapter.ts(130,51): error TS7006: Parameter 'proj' implicitly has an 'any' type.
src/lib/dataAdapter.ts(136,35): error TS7006: Parameter 'mes' implicitly has an 'any' type.
src/lib/dataAdapter.ts(142,35): error TS7006: Parameter 'mes' implicitly has an 'any' type.
src/lib/dataAdapter.ts(148,35): error TS7006: Parameter 'mes' implicitly has an 'any' type.
src/lib/dataAdapter.ts(153,56): error TS2339: Property 'CHAVE' does not exist on type '{}'.
src/lib/dataAdapter.ts(159,9): error TS2345: Argument of type '{}' is not assignable to parameter of type 'SKUCadastro'.
  Type '{}' is missing the following properties from type 'SKUCadastro': 'fornecedor comercial', situacao, CHAVE, codigo_deposito_pd, and 18 more.
src/lib/dataAdapter.ts(166,42): error TS2339: Property 'CHAVE' does not exist on type '{}'.
src/lib/dataAdapter.ts(175,30): error TS2304: Cannot find name 'DadosCompletos'.
src/lib/dataAdapter.ts(195,52): error TS2304: Cannot find name 'DadosCompletos'.
src/lib/dataAdapter.ts(212,42): error TS2304: Cannot find name 'DadosCompletos'.
src/lib/dataAdapter.ts(212,78): error TS2304: Cannot find name 'ProjecaoSKU'.
src/lib/dataAdapter.ts(215,50): error TS7006: Parameter 'c' implicitly has an 'any' type.
src/lib/dataAdapter.ts(227,23): error TS7006: Parameter 'proj' implicitly has an 'any' type.
src/lib/dataAdapter.ts(231,36): error TS7006: Parameter 'mes' implicitly has an 'any' type.
src/lib/dataAdapter.ts(236,15): error TS2339: Property 'codigo_produto' does not exist on type '{}'.
src/lib/dataAdapter.ts(237,15): error TS2339: Property 'CHAVE' does not exist on type '{}'.
src/lib/dataAdapter.ts(238,11): error TS7053: Element implicitly has an 'any' type because expression of type '"fornecedor comercial"' can't be used to index type '{}'.
  Property 'fornecedor comercial' does not exist on type '{}'.
src/lib/dataAdapter.ts(239,11): error TS7053: Element implicitly has an 'any' type because expression of type '"nome produto"' can't be used to index type '{}'.
  Property 'nome produto' does not exist on type '{}'.
src/lib/dataAdapter.ts(240,15): error TS2339: Property 'codigo_deposito_pd' does not exist on type '{}'.
src/lib/dataAdapter.ts(241,15): error TS2339: Property 'codigo_produto' does not exist on type '{}'.
src/lib/dataAdapter.ts(242,11): error TS7053: Element implicitly has an 'any' type because expression of type '"nome n├¡vel 3"' can't be used to index type '{}'.
  Property 'nome n├¡vel 3' does not exist on type '{}'.
src/lib/dataAdapter.ts(243,11): error TS7053: Element implicitly has an 'any' type because expression of type '"nome n├¡vel 4"' can't be used to index type '{}'.
  Property 'nome n├¡vel 4' does not exist on type '{}'.
src/lib/dataAdapter.ts(244,15): error TS2339: Property 'ESTOQUE' does not exist on type '{}'.
src/lib/dataAdapter.ts(245,15): error TS2339: Property 'PENDENCIA' does not exist on type '{}'.
src/lib/dataAdapter.ts(246,15): error TS2339: Property 'LT' does not exist on type '{}'.
src/lib/dataAdapter.ts(247,15): error TS2339: Property 'NNA' does not exist on type '{}'.
src/lib/dataAdapter.ts(248,15): error TS2339: Property 'FREQUENCIA' does not exist on type '{}'.
src/lib/dataAdapter.ts(249,15): error TS2339: Property 'EST_SEGURANCA' does not exist on type '{}'.
src/lib/dataAdapter.ts(250,15): error TS2339: Property 'IMPACTO' does not exist on type '{}'.
src/lib/dataAdapter.ts(251,15): error TS2339: Property 'PREECHIMENTO_DEMANDA_LOJA' does not exist on type '{}'.
src/pages/AprovacaoPedidos.tsx(38,24): error TS2307: Cannot find module 'file-saver' or its corresponding type declarations.
src/pages/CicloEstoque.tsx(24,77): error TS2345: Argument of type '{ fornecedores: never[]; categorias: never[]; categoriasNivel4: never[]; cds: never[]; }' is not assignable to parameter of type 'FilterOptionsResponse | (() => FilterOptionsResponse)'.
  Type '{ fornecedores: never[]; categorias: never[]; categoriasNivel4: never[]; cds: never[]; }' is missing the following properties from type 'FilterOptionsResponse': analistas, compradores, fornecedoresLogisticos, genericos, and 2 more.
